2025-11-30 21:09:44.306 UTC [2455] LOG:  starting PostgreSQL 17.5 on x86_64-pc-linux-gnu, compiled by clang version 19.1.7, 64-bit
2025-11-30 21:09:44.308 UTC [2455] LOG:  listening on IPv6 address "::1", port 5432
2025-11-30 21:09:44.310 UTC [2455] LOG:  listening on IPv4 address "127.0.0.1", port 5432
2025-11-30 21:09:44.314 UTC [2455] LOG:  listening on Unix socket "/run/postgresql/.s.PGSQL.5432"
2025-11-30 21:09:44.320 UTC [2458] LOG:  database system was shut down at 2025-11-30 21:09:43 UTC
2025-11-30 21:09:44.397 UTC [2455] LOG:  database system is ready to accept connections
2025-11-30 21:09:47.191 UTC [2503] ERROR:  relation "ordens_anexos" does not exist
2025-11-30 21:09:47.191 UTC [2503] STATEMENT:  ALTER TABLE ordens_anexos ADD COLUMN IF NOT EXISTS criado_em TIMESTAMP DEFAULT NOW();
2025-11-30 21:09:47.199 UTC [2503] ERROR:  column "criado_em" does not exist at character 50
2025-11-30 21:09:47.199 UTC [2503] STATEMENT:  UPDATE ordens_anexos SET criado_em = NOW() WHERE criado_em IS NULL;
2025-11-30 21:14:44.444 UTC [2456] LOG:  checkpoint starting: time
2025-11-30 21:16:23.405 UTC [2456] LOG:  checkpoint complete: wrote 987 buffers (6.0%); 0 WAL file(s) added, 0 removed, 0 recycled; write=98.812 s, sync=0.139 s, total=98.961 s; sync files=358, longest=0.010 s, average=0.001 s; distance=4563 kB, estimate=4563 kB; lsn=0/1961CC0, redo lsn=0/1961C30
2025-11-30 21:19:44.508 UTC [2456] LOG:  checkpoint starting: time
2025-11-30 21:19:45.451 UTC [2456] LOG:  checkpoint complete: wrote 10 buffers (0.1%); 0 WAL file(s) added, 0 removed, 0 recycled; write=0.909 s, sync=0.015 s, total=0.944 s; sync files=10, longest=0.003 s, average=0.002 s; distance=4 kB, estimate=4107 kB; lsn=0/1962D00, redo lsn=0/1962CA8
2025-11-30 21:24:44.551 UTC [2456] LOG:  checkpoint starting: time
2025-11-30 21:24:45.515 UTC [2456] LOG:  checkpoint complete: wrote 10 buffers (0.1%); 0 WAL file(s) added, 0 removed, 0 recycled; write=0.926 s, sync=0.017 s, total=0.964 s; sync files=10, longest=0.004 s, average=0.002 s; distance=4 kB, estimate=3697 kB; lsn=0/19640E0, redo lsn=0/1964088
2025-11-30 21:34:44.715 UTC [2456] LOG:  checkpoint starting: time
2025-11-30 21:34:45.047 UTC [2456] LOG:  checkpoint complete: wrote 4 buffers (0.0%); 0 WAL file(s) added, 0 removed, 0 recycled; write=0.302 s, sync=0.009 s, total=0.332 s; sync files=4, longest=0.004 s, average=0.003 s; distance=1 kB, estimate=3328 kB; lsn=0/1964898, redo lsn=0/1964808
2025-11-30 21:39:44.146 UTC [2456] LOG:  checkpoint starting: time
2025-11-30 21:39:44.464 UTC [2456] LOG:  checkpoint complete: wrote 4 buffers (0.0%); 0 WAL file(s) added, 0 removed, 0 recycled; write=0.302 s, sync=0.009 s, total=0.318 s; sync files=4, longest=0.003 s, average=0.003 s; distance=1 kB, estimate=2995 kB; lsn=0/1964E68, redo lsn=0/1964E10
2025-11-30 21:44:44.564 UTC [2456] LOG:  checkpoint starting: time
2025-11-30 21:44:44.896 UTC [2456] LOG:  checkpoint complete: wrote 4 buffers (0.0%); 0 WAL file(s) added, 0 removed, 0 recycled; write=0.303 s, sync=0.013 s, total=0.332 s; sync files=4, longest=0.008 s, average=0.004 s; distance=1 kB, estimate=2696 kB; lsn=0/1965580, redo lsn=0/1965528
2025-11-30 21:49:33.204 UTC [2455] LOG:  received fast shutdown request
2025-11-30 21:49:33.215 UTC [2455] LOG:  aborting any active transactions
2025-11-30 21:49:33.218 UTC [2455] LOG:  background worker "logical replication launcher" (PID 2461) exited with exit code 1
2025-11-30 21:49:33.218 UTC [2456] LOG:  shutting down
2025-11-30 21:49:33.221 UTC [2456] LOG:  checkpoint starting: shutdown immediate
2025-11-30 21:49:33.235 UTC [2456] LOG:  checkpoint complete: wrote 2 buffers (0.0%); 0 WAL file(s) added, 0 removed, 0 recycled; write=0.001 s, sync=0.004 s, total=0.017 s; sync files=2, longest=0.002 s, average=0.002 s; distance=1 kB, estimate=2426 kB; lsn=0/1965C70, redo lsn=0/1965C70
2025-11-30 21:49:33.243 UTC [2455] LOG:  database system is shut down
2025-11-30 21:49:51.070 UTC [3447] LOG:  starting PostgreSQL 17.5 on x86_64-pc-linux-gnu, compiled by clang version 19.1.7, 64-bit
2025-11-30 21:49:51.071 UTC [3447] LOG:  listening on IPv6 address "::1", port 5432
2025-11-30 21:49:51.072 UTC [3447] LOG:  listening on IPv4 address "127.0.0.1", port 5432
2025-11-30 21:49:51.076 UTC [3447] LOG:  listening on Unix socket "/run/postgresql/.s.PGSQL.5432"
2025-11-30 21:49:51.083 UTC [3450] LOG:  database system was shut down at 2025-11-30 21:49:33 UTC
2025-11-30 21:49:51.270 UTC [3447] LOG:  database system is ready to accept connections
2025-11-30 21:49:53.305 UTC [3457] ERROR:  database "meu_banco" already exists
2025-11-30 21:49:53.305 UTC [3457] STATEMENT:  CREATE DATABASE meu_banco;
2025-11-30 21:49:53.330 UTC [3459] ERROR:  role "meu_usuario" already exists
2025-11-30 21:49:53.330 UTC [3459] STATEMENT:  CREATE ROLE meu_usuario WITH LOGIN PASSWORD 'sua_senha';
2025-11-30 21:49:53.426 UTC [3463] ERROR:  relation "matriculas_autorizadas" already exists
2025-11-30 21:49:53.426 UTC [3463] STATEMENT:  CREATE TABLE matriculas_autorizadas (
	  id SERIAL PRIMARY KEY,
	  matricula VARCHAR(13) UNIQUE NOT NULL,
	  role VARCHAR(20) CHECK (role IN ('professor', 'suporte', 'admin')) NOT NULL,
	  status VARCHAR(10) CHECK (status IN ('ativa', 'inativa')) NOT NULL,
	  nome_pre_cadastrado VARCHAR(100)
	);
2025-11-30 21:49:53.428 UTC [3463] ERROR:  duplicate key value violates unique constraint "matriculas_autorizadas_matricula_key"
2025-11-30 21:49:53.428 UTC [3463] DETAIL:  Key (matricula)=(00001) already exists.
2025-11-30 21:49:53.428 UTC [3463] STATEMENT:  INSERT INTO matriculas_autorizadas (matricula, role, status, nome_pre_cadastrado)
	VALUES 
	('00001', 'professor', 'ativa', 'Obi-Wan Kenobi'),
	('2023000000002', 'suporte', 'ativa', 'Jean-Luc Picard'),
	('00002', 'professor', 'inativa', 'Arya Stark'),
	('00003', 'professor', 'ativa', 'Spock'),
	('2023000000005', 'suporte', 'ativa', 'Han Solo'),
	('00004', 'professor', 'ativa', 'Daenerys Targaryen'),
	('2023000000007', 'suporte', 'inativa', 'Sansa Stark'),
	('00005', 'professor', 'ativa', 'Luke Skywalker'),
	('2023000000009', 'suporte', 'ativa', 'Tyrion Lannister'),
	('00006', 'professor', 'ativa', 'Leia Organa'),
	('00007', 'professor', 'inativa', 'Joffrey Baratheon'),
	('2023000000012', 'suporte', 'ativa', 'Rey Skywalker'),
	('00008', 'professor', 'ativa', 'James T. Kirk'),
	('2023000000014', 'suporte', 'inativa', 'Cersei Lannister'),
	('2023000000015', 'admin', 'ativa', 'Daemon Targaryen');
2025-11-30 21:49:53.468 UTC [3465] ERROR:  relation "users" already exists
2025-11-30 21:49:53.468 UTC [3465] STATEMENT:  CREATE TABLE users (
	    id SERIAL PRIMARY KEY,
	    nome VARCHAR(100) NOT NULL,
	    email VARCHAR(100) UNIQUE NOT NULL,
	    senha_hash TEXT NOT NULL,
	    matricula VARCHAR(13) UNIQUE NOT NULL,
	    role VARCHAR(20) CHECK (role IN ('professor', 'suporte', 'admin')) NOT NULL,
	    criado_em TIMESTAMP DEFAULT CURRENT_TIMESTAMP,
	    CONSTRAINT fk_matricula FOREIGN KEY (matricula)
	        REFERENCES matriculas_autorizadas(matricula)
	        ON UPDATE CASCADE
	        ON DELETE RESTRICT
	);
2025-11-30 21:49:53.501 UTC [3467] ERROR:  relation "resetsenha" already exists
2025-11-30 21:49:53.501 UTC [3467] STATEMENT:  CREATE TABLE resetSenha (
	  id SERIAL PRIMARY KEY,
	  user_id INT REFERENCES users(id),
	  token TEXT NOT NULL UNIQUE,
	  expira_em TIMESTAMP NOT NULL,
	  usado BOOLEAN DEFAULT FALSE
	);
2025-11-30 21:49:53.570 UTC [3469] ERROR:  trigger "trigger_atualiza_ordem" for relation "ordens" already exists
2025-11-30 21:49:53.570 UTC [3469] STATEMENT:  CREATE TRIGGER trigger_atualiza_ordem
	BEFORE UPDATE ON ordens
	FOR EACH ROW
	EXECUTE FUNCTION atualiza_data_atualizacao();
2025-11-30 21:49:53.654 UTC [3471] ERROR:  relation "ordens_problemas" already exists
2025-11-30 21:49:53.654 UTC [3471] STATEMENT:  CREATE TABLE ordens_problemas (
	    id SERIAL PRIMARY KEY,
	    ordem_id INT NOT NULL REFERENCES ordens(id) ON DELETE CASCADE,
	    equipamento VARCHAR(100) NOT NULL,   -- ex: projetor, computador
	    tipo_problema VARCHAR(100) NOT NULL -- ex: "não liga", "sem imagem"
	);
2025-11-30 21:49:53.699 UTC [3473] ERROR:  relation "ordens_instalacoes" already exists
2025-11-30 21:49:53.699 UTC [3473] STATEMENT:  CREATE TABLE ordens_instalacoes (
	    id SERIAL PRIMARY KEY,
	    ordem_id INT NOT NULL REFERENCES ordens(id) ON DELETE CASCADE,
	    app_nome VARCHAR(100) NOT NULL,
	    app_versao VARCHAR(50),
	    app_link TEXT
	);
2025-11-30 21:49:53.727 UTC [3475] ERROR:  relation "ordens_anexos" already exists
2025-11-30 21:49:53.727 UTC [3475] STATEMENT:  CREATE TABLE ordens_anexos (
	    id SERIAL PRIMARY KEY,
	    ordem_id INT NOT NULL REFERENCES ordens(id) ON DELETE CASCADE,
	    arquivo_nome VARCHAR(255),
	    arquivo_url TEXT NOT NULL, -- ou caminho no servidor
	    data_upload TIMESTAMP DEFAULT CURRENT_TIMESTAMP
	);
2025-11-30 21:49:53.754 UTC [3477] ERROR:  relation "ordens_alertas" already exists
2025-11-30 21:49:53.754 UTC [3477] STATEMENT:  CREATE TABLE ordens_alertas (
	    id SERIAL PRIMARY KEY,
	    ordem_id INT NOT NULL REFERENCES ordens(id) ON DELETE CASCADE,
	    tipo_alerta VARCHAR(30) NOT NULL CHECK (tipo_alerta IN ('prazo', 'sem_responsavel')),
	    data_alerta TIMESTAMP DEFAULT NOW(),
	    ativo BOOLEAN DEFAULT TRUE,
	    resolvido_em TIMESTAMP DEFAULT NULL
	);
2025-11-30 21:49:53.764 UTC [3477] ERROR:  column "data_alerta" does not exist
2025-11-30 21:49:53.764 UTC [3477] CONTEXT:  SQL statement "ALTER TABLE ordens_alertas
	        RENAME COLUMN data_alerta TO criado_em"
	PL/pgSQL function inline_code_block line 3 at SQL statement
2025-11-30 21:49:53.764 UTC [3477] STATEMENT:  DO $$
	BEGIN
	    ALTER TABLE ordens_alertas
	        RENAME COLUMN data_alerta TO criado_em;
	    RAISE NOTICE '✅ Coluna data_alerta renomeada para criado_em';
	END$$;
2025-11-30 21:49:53.765 UTC [3477] ERROR:  current transaction is aborted, commands ignored until end of transaction block
2025-11-30 21:49:53.765 UTC [3477] STATEMENT:  DO $$
	BEGIN
	    ALTER TABLE ordens_alertas
	        ALTER COLUMN criado_em SET DEFAULT CURRENT_TIMESTAMP;
	    RAISE NOTICE '✅ Default de criado_em ajustado';
	END$$;
2025-11-30 21:49:53.767 UTC [3477] ERROR:  current transaction is aborted, commands ignored until end of transaction block
2025-11-30 21:49:53.767 UTC [3477] STATEMENT:  DO $$
	BEGIN
	    ALTER TABLE ordens_alertas
	        ALTER COLUMN resolvido_em DROP NOT NULL;
	
	    ALTER TABLE ordens_alertas
	        ALTER COLUMN resolvido_em DROP DEFAULT;
	
	    RAISE NOTICE '✅ Coluna resolvido_em configurada para aceitar NULL';
	END$$;
2025-11-30 21:49:53.767 UTC [3477] ERROR:  current transaction is aborted, commands ignored until end of transaction block
2025-11-30 21:49:53.767 UTC [3477] STATEMENT:  DO $$
	DECLARE
	    deletados INT;
	BEGIN
	    WITH duplicatas AS (
	        SELECT id,
	               ROW_NUMBER() OVER (
	                   PARTITION BY ordem_id, tipo_alerta
	                   ORDER BY ativo DESC, criado_em DESC, id DESC
	               ) AS rn
	        FROM ordens_alertas
	    )
	    DELETE FROM ordens_alertas
	    WHERE id IN (
	        SELECT id FROM duplicatas WHERE rn > 1
	    );
	
	    GET DIAGNOSTICS deletados = ROW_COUNT;
	    RAISE NOTICE '✅ Duplicatas removidas: % registros deletados', deletados;
	END$$;
2025-11-30 21:49:53.767 UTC [3477] ERROR:  current transaction is aborted, commands ignored until end of transaction block
2025-11-30 21:49:53.767 UTC [3477] STATEMENT:  DO $$
	BEGIN
	    ALTER TABLE ordens_alertas
	        ADD CONSTRAINT ordens_alertas_ordem_tipo_unq 
	        UNIQUE (ordem_id, tipo_alerta);
	    RAISE NOTICE '✅ Constraint UNIQUE adicionada';
	EXCEPTION
	    WHEN duplicate_table THEN
	        RAISE NOTICE '⚠️ Constraint já existe, pulando...';
	END$$;
2025-11-30 21:49:53.767 UTC [3477] ERROR:  current transaction is aborted, commands ignored until end of transaction block
2025-11-30 21:49:53.767 UTC [3477] STATEMENT:  DO $$
	BEGIN
	    -- Índice para buscar alertas ativos rapidamente
	    CREATE INDEX IF NOT EXISTS idx_alertas_ativos
	        ON ordens_alertas(ativo, tipo_alerta) 
	        WHERE ativo = true;
	
	    -- Índice para buscar alertas por ordem
	    CREATE INDEX IF NOT EXISTS idx_alertas_ordem
	        ON ordens_alertas(ordem_id);
	
	    -- Índice para buscar por tipo
	    CREATE INDEX IF NOT EXISTS idx_alertas_tipo
	        ON ordens_alertas(tipo_alerta)
	        WHERE ativo = true;
	
	    RAISE NOTICE '✅ Índices criados';
	END$$;
2025-11-30 21:49:53.768 UTC [3477] ERROR:  current transaction is aborted, commands ignored until end of transaction block
2025-11-30 21:49:53.768 UTC [3477] STATEMENT:  DO $$
	BEGIN
	    COMMENT ON TABLE ordens_alertas IS 
	        'Rastreia alertas ativos para ordens de serviço. Prioridade >= 3 dispara alertas.';
	
	    COMMENT ON COLUMN ordens_alertas.tipo_alerta IS 
	        'Tipos: ''prazo'' (vencimento próximo, faltando <= 3 dias úteis) ou ''sem_responsavel'' (ordem sem técnico por >2 dias úteis)';
	
	    COMMENT ON COLUMN ordens_alertas.ativo IS 
	        'true = alerta ainda válido e deve aparecer no pop-up | false = resolvido/desativado';
	
	    COMMENT ON COLUMN ordens_alertas.criado_em IS 
	        'Data/hora em que o alerta foi criado automaticamente pelo sistema';
	
	    COMMENT ON COLUMN ordens_alertas.resolvido_em IS 
	        'Data/hora em que o alerta foi desativado (ordem assumida/concluída)';
	
	    RAISE NOTICE '✅ Comentários adicionados';
	END$$;
2025-11-30 21:49:53.768 UTC [3477] ERROR:  current transaction is aborted, commands ignored until end of transaction block
2025-11-30 21:49:53.768 UTC [3477] STATEMENT:  DO $$
	DECLARE
	    total_alertas INT;
	    alertas_ativos INT;
	    alertas_resolvidos INT;
	BEGIN
	    SELECT COUNT(*) INTO total_alertas FROM ordens_alertas;
	    SELECT COUNT(*) INTO alertas_ativos FROM ordens_alertas WHERE ativo = true;
	    SELECT COUNT(*) INTO alertas_resolvidos FROM ordens_alertas WHERE ativo = false;
	
	    RAISE NOTICE '';
	    RAISE NOTICE '========================================';
	    RAISE NOTICE '📊 ESTATÍSTICAS PÓS-MIGRAÇÃO';
	    RAISE NOTICE '========================================';
	    RAISE NOTICE 'Total de alertas: %', total_alertas;
	    RAISE NOTICE 'Alertas ativos: %', alertas_ativos;
	    RAISE NOTICE 'Alertas resolvidos: %', alertas_resolvidos;
	    RAISE NOTICE '========================================';
	    RAISE NOTICE '';
	END$$;
2025-11-30 21:54:51.184 UTC [3448] LOG:  checkpoint starting: time
2025-11-30 21:55:00.828 UTC [3448] LOG:  checkpoint complete: wrote 97 buffers (0.6%); 0 WAL file(s) added, 0 removed, 0 recycled; write=9.492 s, sync=0.128 s, total=9.645 s; sync files=69, longest=0.026 s, average=0.002 s; distance=353 kB, estimate=353 kB; lsn=0/19BE140, redo lsn=0/19BE0B0
2025-11-30 21:59:51.928 UTC [3448] LOG:  checkpoint starting: time
2025-11-30 21:59:52.258 UTC [3448] LOG:  checkpoint complete: wrote 4 buffers (0.0%); 0 WAL file(s) added, 0 removed, 0 recycled; write=0.302 s, sync=0.009 s, total=0.330 s; sync files=4, longest=0.005 s, average=0.003 s; distance=3 kB, estimate=318 kB; lsn=0/19BEE60, redo lsn=0/19BEE08
2025-11-30 22:04:51.357 UTC [3448] LOG:  checkpoint starting: time
2025-11-30 22:04:52.815 UTC [3448] LOG:  checkpoint complete: wrote 15 buffers (0.1%); 0 WAL file(s) added, 0 removed, 0 recycled; write=1.412 s, sync=0.026 s, total=1.459 s; sync files=13, longest=0.007 s, average=0.002 s; distance=4 kB, estimate=286 kB; lsn=0/19C0178, redo lsn=0/19C0120
2025-11-30 22:09:51.915 UTC [3448] LOG:  checkpoint starting: time
2025-11-30 22:09:52.133 UTC [3448] LOG:  checkpoint complete: wrote 3 buffers (0.0%); 0 WAL file(s) added, 0 removed, 0 recycled; write=0.201 s, sync=0.006 s, total=0.219 s; sync files=3, longest=0.004 s, average=0.002 s; distance=2 kB, estimate=258 kB; lsn=0/19C0BD0, redo lsn=0/19C0B78
2025-11-30 22:19:51.333 UTC [3448] LOG:  checkpoint starting: time
2025-11-30 22:19:51.572 UTC [3448] LOG:  checkpoint complete: wrote 3 buffers (0.0%); 0 WAL file(s) added, 0 removed, 0 recycled; write=0.202 s, sync=0.010 s, total=0.240 s; sync files=3, longest=0.007 s, average=0.004 s; distance=2 kB, estimate=232 kB; lsn=0/19C15C0, redo lsn=0/19C1568
2025-11-30 22:29:51.772 UTC [3448] LOG:  checkpoint starting: time
2025-11-30 22:29:51.990 UTC [3448] LOG:  checkpoint complete: wrote 3 buffers (0.0%); 0 WAL file(s) added, 0 removed, 0 recycled; write=0.201 s, sync=0.007 s, total=0.219 s; sync files=3, longest=0.004 s, average=0.003 s; distance=3 kB, estimate=209 kB; lsn=0/19C2268, redo lsn=0/19C2210
2025-11-30 22:34:52.090 UTC [3448] LOG:  checkpoint starting: time
2025-11-30 22:34:52.325 UTC [3448] LOG:  checkpoint complete: wrote 3 buffers (0.0%); 0 WAL file(s) added, 0 removed, 0 recycled; write=0.203 s, sync=0.013 s, total=0.236 s; sync files=3, longest=0.007 s, average=0.005 s; distance=4 kB, estimate=189 kB; lsn=0/19C3598, redo lsn=0/19C3540
2025-11-30 22:39:52.425 UTC [3448] LOG:  checkpoint starting: time
2025-11-30 22:39:52.968 UTC [3448] LOG:  checkpoint complete: wrote 6 buffers (0.0%); 0 WAL file(s) added, 0 removed, 0 recycled; write=0.503 s, sync=0.018 s, total=0.543 s; sync files=6, longest=0.009 s, average=0.003 s; distance=15 kB, estimate=171 kB; lsn=0/19C7390, redo lsn=0/19C7338
2025-11-30 22:44:53.068 UTC [3448] LOG:  checkpoint starting: time
2025-11-30 22:44:53.408 UTC [3448] LOG:  checkpoint complete: wrote 4 buffers (0.0%); 0 WAL file(s) added, 0 removed, 0 recycled; write=0.306 s, sync=0.017 s, total=0.341 s; sync files=4, longest=0.010 s, average=0.005 s; distance=3 kB, estimate=155 kB; lsn=0/19C82E8, redo lsn=0/19C8290
2025-11-30 22:54:53.611 UTC [3448] LOG:  checkpoint starting: time
2025-11-30 22:54:54.368 UTC [3448] LOG:  checkpoint complete: wrote 8 buffers (0.0%); 0 WAL file(s) added, 0 removed, 0 recycled; write=0.713 s, sync=0.025 s, total=0.757 s; sync files=6, longest=0.025 s, average=0.005 s; distance=20 kB, estimate=141 kB; lsn=0/19CD3C0, redo lsn=0/19CD368
2025-11-30 22:59:53.468 UTC [3448] LOG:  checkpoint starting: time
2025-11-30 22:59:53.697 UTC [3448] LOG:  checkpoint complete: wrote 3 buffers (0.0%); 0 WAL file(s) added, 0 removed, 0 recycled; write=0.201 s, sync=0.010 s, total=0.229 s; sync files=3, longest=0.008 s, average=0.004 s; distance=2 kB, estimate=127 kB; lsn=0/19CDD30, redo lsn=0/19CDCD8
2025-11-30 23:13:07.588 UTC [3447] LOG:  received fast shutdown request
2025-11-30 23:13:07.599 UTC [3447] LOG:  aborting any active transactions
2025-11-30 23:13:07.602 UTC [3447] LOG:  background worker "logical replication launcher" (PID 3453) exited with exit code 1
2025-11-30 23:13:07.604 UTC [3448] LOG:  shutting down
2025-11-30 23:13:07.609 UTC [3448] LOG:  checkpoint starting: shutdown immediate
2025-11-30 23:13:07.618 UTC [3448] LOG:  checkpoint complete: wrote 0 buffers (0.0%); 0 WAL file(s) added, 0 removed, 0 recycled; write=0.001 s, sync=0.001 s, total=0.015 s; sync files=0, longest=0.000 s, average=0.000 s; distance=0 kB, estimate=114 kB; lsn=0/19CDDE0, redo lsn=0/19CDDE0
2025-11-30 23:13:07.624 UTC [3447] LOG:  database system is shut down
2025-11-30 23:13:13.398 UTC [4817] LOG:  starting PostgreSQL 17.5 on x86_64-pc-linux-gnu, compiled by clang version 19.1.7, 64-bit
2025-11-30 23:13:13.402 UTC [4817] LOG:  listening on IPv6 address "::1", port 5432
2025-11-30 23:13:13.403 UTC [4817] LOG:  listening on IPv4 address "127.0.0.1", port 5432
2025-11-30 23:13:13.407 UTC [4817] LOG:  listening on Unix socket "/run/postgresql/.s.PGSQL.5432"
2025-11-30 23:13:13.420 UTC [4820] LOG:  database system was shut down at 2025-11-30 23:13:07 UTC
2025-11-30 23:13:13.434 UTC [4817] LOG:  database system is ready to accept connections
2025-11-30 23:13:15.550 UTC [4827] ERROR:  database "meu_banco" already exists
2025-11-30 23:13:15.550 UTC [4827] STATEMENT:  CREATE DATABASE meu_banco;
2025-11-30 23:13:15.614 UTC [4829] ERROR:  role "meu_usuario" already exists
2025-11-30 23:13:15.614 UTC [4829] STATEMENT:  CREATE ROLE meu_usuario WITH LOGIN PASSWORD 'sua_senha';
2025-11-30 23:13:15.712 UTC [4833] ERROR:  relation "matriculas_autorizadas" already exists
2025-11-30 23:13:15.712 UTC [4833] STATEMENT:  CREATE TABLE matriculas_autorizadas (
	  id SERIAL PRIMARY KEY,
	  matricula VARCHAR(13) UNIQUE NOT NULL,
	  role VARCHAR(20) CHECK (role IN ('professor', 'suporte', 'admin')) NOT NULL,
	  status VARCHAR(10) CHECK (status IN ('ativa', 'inativa')) NOT NULL,
	  nome_pre_cadastrado VARCHAR(100)
	);
2025-11-30 23:13:15.713 UTC [4833] ERROR:  duplicate key value violates unique constraint "matriculas_autorizadas_matricula_key"
2025-11-30 23:13:15.713 UTC [4833] DETAIL:  Key (matricula)=(00001) already exists.
2025-11-30 23:13:15.713 UTC [4833] STATEMENT:  INSERT INTO matriculas_autorizadas (matricula, role, status, nome_pre_cadastrado)
	VALUES 
	('00001', 'professor', 'ativa', 'Obi-Wan Kenobi'),
	('2023000000002', 'suporte', 'ativa', 'Jean-Luc Picard'),
	('00002', 'professor', 'inativa', 'Arya Stark'),
	('00003', 'professor', 'ativa', 'Spock'),
	('2023000000005', 'suporte', 'ativa', 'Han Solo'),
	('00004', 'professor', 'ativa', 'Daenerys Targaryen'),
	('2023000000007', 'suporte', 'inativa', 'Sansa Stark'),
	('00005', 'professor', 'ativa', 'Luke Skywalker'),
	('2023000000009', 'suporte', 'ativa', 'Tyrion Lannister'),
	('00006', 'professor', 'ativa', 'Leia Organa'),
	('00007', 'professor', 'inativa', 'Joffrey Baratheon'),
	('2023000000012', 'suporte', 'ativa', 'Rey Skywalker'),
	('00008', 'professor', 'ativa', 'James T. Kirk'),
	('2023000000014', 'suporte', 'inativa', 'Cersei Lannister'),
	('2023000000015', 'admin', 'ativa', 'Daemon Targaryen');
2025-11-30 23:13:15.793 UTC [4835] ERROR:  relation "users" already exists
2025-11-30 23:13:15.793 UTC [4835] STATEMENT:  CREATE TABLE users (
	    id SERIAL PRIMARY KEY,
	    nome VARCHAR(100) NOT NULL,
	    email VARCHAR(100) UNIQUE NOT NULL,
	    senha_hash TEXT NOT NULL,
	    matricula VARCHAR(13) UNIQUE NOT NULL,
	    role VARCHAR(20) CHECK (role IN ('professor', 'suporte', 'admin')) NOT NULL,
	    criado_em TIMESTAMP DEFAULT CURRENT_TIMESTAMP,
	    CONSTRAINT fk_matricula FOREIGN KEY (matricula)
	        REFERENCES matriculas_autorizadas(matricula)
	        ON UPDATE CASCADE
	        ON DELETE RESTRICT
	);
2025-11-30 23:13:15.821 UTC [4837] ERROR:  relation "resetsenha" already exists
2025-11-30 23:13:15.821 UTC [4837] STATEMENT:  CREATE TABLE resetSenha (
	  id SERIAL PRIMARY KEY,
	  user_id INT REFERENCES users(id),
	  token TEXT NOT NULL UNIQUE,
	  expira_em TIMESTAMP NOT NULL,
	  usado BOOLEAN DEFAULT FALSE
	);
2025-11-30 23:13:15.912 UTC [4839] ERROR:  trigger "trigger_atualiza_ordem" for relation "ordens" already exists
2025-11-30 23:13:15.912 UTC [4839] STATEMENT:  CREATE TRIGGER trigger_atualiza_ordem
	BEFORE UPDATE ON ordens
	FOR EACH ROW
	EXECUTE FUNCTION atualiza_data_atualizacao();
2025-11-30 23:13:16.003 UTC [4841] ERROR:  relation "ordens_problemas" already exists
2025-11-30 23:13:16.003 UTC [4841] STATEMENT:  CREATE TABLE ordens_problemas (
	    id SERIAL PRIMARY KEY,
	    ordem_id INT NOT NULL REFERENCES ordens(id) ON DELETE CASCADE,
	    equipamento VARCHAR(100) NOT NULL,   -- ex: projetor, computador
	    tipo_problema VARCHAR(100) NOT NULL -- ex: "não liga", "sem imagem"
	);
2025-11-30 23:13:16.087 UTC [4843] ERROR:  relation "ordens_instalacoes" already exists
2025-11-30 23:13:16.087 UTC [4843] STATEMENT:  CREATE TABLE ordens_instalacoes (
	    id SERIAL PRIMARY KEY,
	    ordem_id INT NOT NULL REFERENCES ordens(id) ON DELETE CASCADE,
	    app_nome VARCHAR(100) NOT NULL,
	    app_versao VARCHAR(50),
	    app_link TEXT
	);
2025-11-30 23:13:16.121 UTC [4845] ERROR:  relation "ordens_anexos" already exists
2025-11-30 23:13:16.121 UTC [4845] STATEMENT:  CREATE TABLE ordens_anexos (
	    id SERIAL PRIMARY KEY,
	    ordem_id INT NOT NULL REFERENCES ordens(id) ON DELETE CASCADE,
	    arquivo_nome VARCHAR(255),
	    arquivo_url TEXT NOT NULL, -- ou caminho no servidor
	    data_upload TIMESTAMP DEFAULT CURRENT_TIMESTAMP
	);
2025-11-30 23:13:16.212 UTC [4847] ERROR:  relation "ordens_alertas" already exists
2025-11-30 23:13:16.212 UTC [4847] STATEMENT:  CREATE TABLE ordens_alertas (
	    id SERIAL PRIMARY KEY,
	    ordem_id INT NOT NULL REFERENCES ordens(id) ON DELETE CASCADE,
	    tipo_alerta VARCHAR(30) NOT NULL CHECK (tipo_alerta IN ('prazo', 'sem_responsavel')),
	    data_alerta TIMESTAMP DEFAULT NOW(),
	    ativo BOOLEAN DEFAULT TRUE,
	    resolvido_em TIMESTAMP DEFAULT NULL
	);
2025-11-30 23:13:16.220 UTC [4847] ERROR:  column "data_alerta" does not exist
2025-11-30 23:13:16.220 UTC [4847] CONTEXT:  SQL statement "ALTER TABLE ordens_alertas
	        RENAME COLUMN data_alerta TO criado_em"
	PL/pgSQL function inline_code_block line 3 at SQL statement
2025-11-30 23:13:16.220 UTC [4847] STATEMENT:  DO $$
	BEGIN
	    ALTER TABLE ordens_alertas
	        RENAME COLUMN data_alerta TO criado_em;
	    RAISE NOTICE '✅ Coluna data_alerta renomeada para criado_em';
	END$$;
2025-11-30 23:13:16.221 UTC [4847] ERROR:  current transaction is aborted, commands ignored until end of transaction block
2025-11-30 23:13:16.221 UTC [4847] STATEMENT:  DO $$
	BEGIN
	    ALTER TABLE ordens_alertas
	        ALTER COLUMN criado_em SET DEFAULT CURRENT_TIMESTAMP;
	    RAISE NOTICE '✅ Default de criado_em ajustado';
	END$$;
2025-11-30 23:13:16.221 UTC [4847] ERROR:  current transaction is aborted, commands ignored until end of transaction block
2025-11-30 23:13:16.221 UTC [4847] STATEMENT:  DO $$
	BEGIN
	    ALTER TABLE ordens_alertas
	        ALTER COLUMN resolvido_em DROP NOT NULL;
	
	    ALTER TABLE ordens_alertas
	        ALTER COLUMN resolvido_em DROP DEFAULT;
	
	    RAISE NOTICE '✅ Coluna resolvido_em configurada para aceitar NULL';
	END$$;
2025-11-30 23:13:16.221 UTC [4847] ERROR:  current transaction is aborted, commands ignored until end of transaction block
2025-11-30 23:13:16.221 UTC [4847] STATEMENT:  DO $$
	DECLARE
	    deletados INT;
	BEGIN
	    WITH duplicatas AS (
	        SELECT id,
	               ROW_NUMBER() OVER (
	                   PARTITION BY ordem_id, tipo_alerta
	                   ORDER BY ativo DESC, criado_em DESC, id DESC
	               ) AS rn
	        FROM ordens_alertas
	    )
	    DELETE FROM ordens_alertas
	    WHERE id IN (
	        SELECT id FROM duplicatas WHERE rn > 1
	    );
	
	    GET DIAGNOSTICS deletados = ROW_COUNT;
	    RAISE NOTICE '✅ Duplicatas removidas: % registros deletados', deletados;
	END$$;
2025-11-30 23:13:16.222 UTC [4847] ERROR:  current transaction is aborted, commands ignored until end of transaction block
2025-11-30 23:13:16.222 UTC [4847] STATEMENT:  DO $$
	BEGIN
	    ALTER TABLE ordens_alertas
	        ADD CONSTRAINT ordens_alertas_ordem_tipo_unq 
	        UNIQUE (ordem_id, tipo_alerta);
	    RAISE NOTICE '✅ Constraint UNIQUE adicionada';
	EXCEPTION
	    WHEN duplicate_table THEN
	        RAISE NOTICE '⚠️ Constraint já existe, pulando...';
	END$$;
2025-11-30 23:13:16.222 UTC [4847] ERROR:  current transaction is aborted, commands ignored until end of transaction block
2025-11-30 23:13:16.222 UTC [4847] STATEMENT:  DO $$
	BEGIN
	    -- Índice para buscar alertas ativos rapidamente
	    CREATE INDEX IF NOT EXISTS idx_alertas_ativos
	        ON ordens_alertas(ativo, tipo_alerta) 
	        WHERE ativo = true;
	
	    -- Índice para buscar alertas por ordem
	    CREATE INDEX IF NOT EXISTS idx_alertas_ordem
	        ON ordens_alertas(ordem_id);
	
	    -- Índice para buscar por tipo
	    CREATE INDEX IF NOT EXISTS idx_alertas_tipo
	        ON ordens_alertas(tipo_alerta)
	        WHERE ativo = true;
	
	    RAISE NOTICE '✅ Índices criados';
	END$$;
2025-11-30 23:13:16.222 UTC [4847] ERROR:  current transaction is aborted, commands ignored until end of transaction block
2025-11-30 23:13:16.222 UTC [4847] STATEMENT:  DO $$
	BEGIN
	    COMMENT ON TABLE ordens_alertas IS 
	        'Rastreia alertas ativos para ordens de serviço. Prioridade >= 3 dispara alertas.';
	
	    COMMENT ON COLUMN ordens_alertas.tipo_alerta IS 
	        'Tipos: ''prazo'' (vencimento próximo, faltando <= 3 dias úteis) ou ''sem_responsavel'' (ordem sem técnico por >2 dias úteis)';
	
	    COMMENT ON COLUMN ordens_alertas.ativo IS 
	        'true = alerta ainda válido e deve aparecer no pop-up | false = resolvido/desativado';
	
	    COMMENT ON COLUMN ordens_alertas.criado_em IS 
	        'Data/hora em que o alerta foi criado automaticamente pelo sistema';
	
	    COMMENT ON COLUMN ordens_alertas.resolvido_em IS 
	        'Data/hora em que o alerta foi desativado (ordem assumida/concluída)';
	
	    RAISE NOTICE '✅ Comentários adicionados';
	END$$;
2025-11-30 23:13:16.222 UTC [4847] ERROR:  current transaction is aborted, commands ignored until end of transaction block
2025-11-30 23:13:16.222 UTC [4847] STATEMENT:  DO $$
	DECLARE
	    total_alertas INT;
	    alertas_ativos INT;
	    alertas_resolvidos INT;
	BEGIN
	    SELECT COUNT(*) INTO total_alertas FROM ordens_alertas;
	    SELECT COUNT(*) INTO alertas_ativos FROM ordens_alertas WHERE ativo = true;
	    SELECT COUNT(*) INTO alertas_resolvidos FROM ordens_alertas WHERE ativo = false;
	
	    RAISE NOTICE '';
	    RAISE NOTICE '========================================';
	    RAISE NOTICE '📊 ESTATÍSTICAS PÓS-MIGRAÇÃO';
	    RAISE NOTICE '========================================';
	    RAISE NOTICE 'Total de alertas: %', total_alertas;
	    RAISE NOTICE 'Alertas ativos: %', alertas_ativos;
	    RAISE NOTICE 'Alertas resolvidos: %', alertas_resolvidos;
	    RAISE NOTICE '========================================';
	    RAISE NOTICE '';
	END$$;
2025-11-30 23:18:13.519 UTC [4818] LOG:  checkpoint starting: time
2025-11-30 23:18:19.330 UTC [4818] LOG:  checkpoint complete: wrote 60 buffers (0.4%); 0 WAL file(s) added, 0 removed, 0 recycled; write=5.732 s, sync=0.060 s, total=5.811 s; sync files=53, longest=0.012 s, average=0.002 s; distance=263 kB, estimate=263 kB; lsn=0/1A0FAA0, redo lsn=0/1A0FA48
2025-11-30 23:23:13.430 UTC [4818] LOG:  checkpoint starting: time
2025-11-30 23:23:13.666 UTC [4818] LOG:  checkpoint complete: wrote 3 buffers (0.0%); 0 WAL file(s) added, 0 removed, 0 recycled; write=0.202 s, sync=0.010 s, total=0.237 s; sync files=3, longest=0.008 s, average=0.004 s; distance=2 kB, estimate=237 kB; lsn=0/1A10498, redo lsn=0/1A10440
2025-11-30 23:38:13.959 UTC [4818] LOG:  checkpoint starting: time
2025-11-30 23:38:14.189 UTC [4818] LOG:  checkpoint complete: wrote 3 buffers (0.0%); 0 WAL file(s) added, 0 removed, 0 recycled; write=0.201 s, sync=0.010 s, total=0.231 s; sync files=3, longest=0.007 s, average=0.004 s; distance=2 kB, estimate=213 kB; lsn=0/1A10F90, redo lsn=0/1A10F38
2025-11-30 23:43:13.296 UTC [4818] LOG:  checkpoint starting: time
2025-11-30 23:43:13.545 UTC [4818] LOG:  checkpoint complete: wrote 3 buffers (0.0%); 0 WAL file(s) added, 0 removed, 0 recycled; write=0.202 s, sync=0.010 s, total=0.249 s; sync files=3, longest=0.005 s, average=0.004 s; distance=5 kB, estimate=192 kB; lsn=0/1A12440, redo lsn=0/1A123B0
2025-11-30 23:48:13.645 UTC [4818] LOG:  checkpoint starting: time
2025-11-30 23:48:15.507 UTC [4818] LOG:  checkpoint complete: wrote 19 buffers (0.1%); 0 WAL file(s) added, 0 removed, 0 recycled; write=1.816 s, sync=0.030 s, total=1.863 s; sync files=16, longest=0.004 s, average=0.002 s; distance=37 kB, estimate=177 kB; lsn=0/1A1BBF8, redo lsn=0/1A1BBA0
2025-11-30 23:53:13.607 UTC [4818] LOG:  checkpoint starting: time
2025-11-30 23:53:13.839 UTC [4818] LOG:  checkpoint complete: wrote 3 buffers (0.0%); 0 WAL file(s) added, 0 removed, 0 recycled; write=0.202 s, sync=0.008 s, total=0.233 s; sync files=3, longest=0.005 s, average=0.003 s; distance=2 kB, estimate=159 kB; lsn=0/1A1C7D8, redo lsn=0/1A1C748
2025-12-01 00:06:34.044 UTC [6727] ERROR:  relation "relatorios_historico" does not exist at character 167
2025-12-01 00:06:34.044 UTC [6727] STATEMENT:  
	      SELECT 
	        id,
	        nome_relatorio,
	        tipo_relatorio,
	        formato,
	        data_geracao,
	        tamanho_kb,
	        arquivo_nome
	      FROM relatorios_historico
	      WHERE usuario_id = $1
	      ORDER BY data_geracao DESC
	      LIMIT 50
	    
2025-12-01 00:06:56.122 UTC [6729] ERROR:  relation "relatorios_historico" does not exist at character 167
2025-12-01 00:06:56.122 UTC [6729] STATEMENT:  
	      SELECT 
	        id,
	        nome_relatorio,
	        tipo_relatorio,
	        formato,
	        data_geracao,
	        tamanho_kb,
	        arquivo_nome
	      FROM relatorios_historico
	      WHERE usuario_id = $1
	      ORDER BY data_geracao DESC
	      LIMIT 50
	    
2025-12-01 00:08:14.138 UTC [4818] LOG:  checkpoint starting: time
2025-12-01 00:08:14.500 UTC [4818] LOG:  checkpoint complete: wrote 4 buffers (0.0%); 0 WAL file(s) added, 0 removed, 0 recycled; write=0.333 s, sync=0.012 s, total=0.363 s; sync files=4, longest=0.008 s, average=0.003 s; distance=3 kB, estimate=144 kB; lsn=0/1A1D410, redo lsn=0/1A1D3B8
2025-12-01 00:13:14.600 UTC [4818] LOG:  checkpoint starting: time
2025-12-01 00:13:14.837 UTC [4818] LOG:  checkpoint complete: wrote 3 buffers (0.0%); 0 WAL file(s) added, 0 removed, 0 recycled; write=0.202 s, sync=0.015 s, total=0.238 s; sync files=3, longest=0.012 s, average=0.005 s; distance=2 kB, estimate=130 kB; lsn=0/1A1DF30, redo lsn=0/1A1DED8
2025-12-01 00:18:14.937 UTC [4818] LOG:  checkpoint starting: time
2025-12-01 00:18:15.813 UTC [4818] LOG:  checkpoint complete: wrote 9 buffers (0.1%); 0 WAL file(s) added, 0 removed, 0 recycled; write=0.805 s, sync=0.050 s, total=0.877 s; sync files=9, longest=0.033 s, average=0.006 s; distance=24 kB, estimate=119 kB; lsn=0/1A24028, redo lsn=0/1A23FB8
2025-12-01 00:23:14.915 UTC [4818] LOG:  checkpoint starting: time
2025-12-01 00:23:16.151 UTC [4818] LOG:  checkpoint complete: wrote 13 buffers (0.1%); 0 WAL file(s) added, 0 removed, 0 recycled; write=1.204 s, sync=0.013 s, total=1.236 s; sync files=11, longest=0.006 s, average=0.002 s; distance=21 kB, estimate=109 kB; lsn=0/1A294C0, redo lsn=0/1A29430
2025-12-01 00:28:14.249 UTC [4818] LOG:  checkpoint starting: time
2025-12-01 00:28:15.890 UTC [4818] LOG:  checkpoint complete: wrote 17 buffers (0.1%); 0 WAL file(s) added, 0 removed, 0 recycled; write=1.610 s, sync=0.023 s, total=1.641 s; sync files=16, longest=0.003 s, average=0.002 s; distance=15 kB, estimate=100 kB; lsn=0/1A2D098, redo lsn=0/1A2D040
2025-12-01 00:33:14.990 UTC [4818] LOG:  checkpoint starting: time
2025-12-01 00:33:15.520 UTC [4818] LOG:  checkpoint complete: wrote 6 buffers (0.0%); 0 WAL file(s) added, 0 removed, 0 recycled; write=0.502 s, sync=0.012 s, total=0.530 s; sync files=6, longest=0.004 s, average=0.002 s; distance=4 kB, estimate=90 kB; lsn=0/1A2E168, redo lsn=0/1A2E110
2025-12-01 00:38:14.619 UTC [4818] LOG:  checkpoint starting: time
2025-12-01 00:38:16.261 UTC [4818] LOG:  checkpoint complete: wrote 17 buffers (0.1%); 0 WAL file(s) added, 0 removed, 0 recycled; write=1.606 s, sync=0.026 s, total=1.643 s; sync files=17, longest=0.004 s, average=0.002 s; distance=62 kB, estimate=87 kB; lsn=0/1A3E478, redo lsn=0/1A3DBC8
2025-12-01 00:43:14.361 UTC [4818] LOG:  checkpoint starting: time
2025-12-01 00:43:15.208 UTC [4818] LOG:  checkpoint complete: wrote 9 buffers (0.1%); 0 WAL file(s) added, 0 removed, 0 recycled; write=0.817 s, sync=0.015 s, total=0.847 s; sync files=7, longest=0.007 s, average=0.003 s; distance=33 kB, estimate=82 kB; lsn=0/1A46138, redo lsn=0/1A460E0
2025-12-01 00:44:22.901 UTC [8932] ERROR:  relation "relatorios_historico" does not exist at character 167
2025-12-01 00:44:22.901 UTC [8932] STATEMENT:  
	      SELECT 
	        id,
	        nome_relatorio,
	        tipo_relatorio,
	        formato,
	        data_geracao,
	        tamanho_kb,
	        arquivo_nome
	      FROM relatorios_historico
	      WHERE usuario_id = $1
	      ORDER BY data_geracao DESC
	      LIMIT 50
	    
2025-12-01 00:44:46.935 UTC [8934] ERROR:  relation "relatorios_historico" does not exist at character 20
2025-12-01 00:44:46.935 UTC [8934] STATEMENT:  
	      INSERT INTO relatorios_historico 
	        (usuario_id, nome_relatorio, tipo_relatorio, formato, tamanho_kb, arquivo_nome)
	      VALUES ($1, $2, $3, $4, $5, $6)
	    
2025-12-01 00:44:47.438 UTC [8935] ERROR:  relation "relatorios_historico" does not exist at character 167
2025-12-01 00:44:47.438 UTC [8935] STATEMENT:  
	      SELECT 
	        id,
	        nome_relatorio,
	        tipo_relatorio,
	        formato,
	        data_geracao,
	        tamanho_kb,
	        arquivo_nome
	      FROM relatorios_historico
	      WHERE usuario_id = $1
	      ORDER BY data_geracao DESC
	      LIMIT 50
	    
2025-12-01 00:48:14.307 UTC [4818] LOG:  checkpoint starting: time
2025-12-01 00:48:14.759 UTC [4818] LOG:  checkpoint complete: wrote 5 buffers (0.0%); 0 WAL file(s) added, 0 removed, 0 recycled; write=0.402 s, sync=0.017 s, total=0.452 s; sync files=5, longest=0.009 s, average=0.004 s; distance=21 kB, estimate=76 kB; lsn=0/1A4B550, redo lsn=0/1A4B4F8
2025-12-01 00:53:14.859 UTC [4818] LOG:  checkpoint starting: time
2025-12-01 00:53:15.614 UTC [4818] LOG:  checkpoint complete: wrote 8 buffers (0.0%); 0 WAL file(s) added, 0 removed, 0 recycled; write=0.709 s, sync=0.023 s, total=0.755 s; sync files=6, longest=0.014 s, average=0.004 s; distance=23 kB, estimate=70 kB; lsn=0/1A51480, redo lsn=0/1A51428
2025-12-01 00:58:14.714 UTC [4818] LOG:  checkpoint starting: time
2025-12-01 00:58:15.772 UTC [4818] LOG:  checkpoint complete: wrote 11 buffers (0.1%); 0 WAL file(s) added, 0 removed, 0 recycled; write=1.016 s, sync=0.018 s, total=1.058 s; sync files=11, longest=0.003 s, average=0.002 s; distance=25 kB, estimate=66 kB; lsn=0/1A57A98, redo lsn=0/1A57A40
2025-12-01 01:03:14.872 UTC [4818] LOG:  checkpoint starting: time
2025-12-01 01:03:17.264 UTC [4818] LOG:  checkpoint complete: wrote 24 buffers (0.1%); 0 WAL file(s) added, 0 removed, 0 recycled; write=2.324 s, sync=0.047 s, total=2.393 s; sync files=22, longest=0.027 s, average=0.003 s; distance=36 kB, estimate=63 kB; lsn=0/1A60C90, redo lsn=0/1A60C38
2025-12-01 01:08:14.364 UTC [4818] LOG:  checkpoint starting: time
2025-12-01 01:08:14.702 UTC [4818] LOG:  checkpoint complete: wrote 4 buffers (0.0%); 0 WAL file(s) added, 0 removed, 0 recycled; write=0.302 s, sync=0.014 s, total=0.339 s; sync files=4, longest=0.009 s, average=0.004 s; distance=4 kB, estimate=57 kB; lsn=0/1A61D50, redo lsn=0/1A61CF8
2025-12-01 01:13:14.794 UTC [4818] LOG:  checkpoint starting: time
2025-12-01 01:13:15.296 UTC [4818] LOG:  checkpoint complete: wrote 5 buffers (0.0%); 0 WAL file(s) added, 0 removed, 0 recycled; write=0.402 s, sync=0.082 s, total=0.502 s; sync files=5, longest=0.076 s, average=0.017 s; distance=18 kB, estimate=53 kB; lsn=0/1A66710, redo lsn=0/1A666B8
2025-12-01 01:18:14.396 UTC [4818] LOG:  checkpoint starting: time
2025-12-01 01:18:14.831 UTC [4818] LOG:  checkpoint complete: wrote 5 buffers (0.0%); 0 WAL file(s) added, 0 removed, 0 recycled; write=0.402 s, sync=0.013 s, total=0.435 s; sync files=5, longest=0.008 s, average=0.003 s; distance=21 kB, estimate=50 kB; lsn=0/1A6BD20, redo lsn=0/1A6BCC8
2025-12-01 01:18:25.482 UTC [11156] ERROR:  relation "relatorios_historico" does not exist at character 20
2025-12-01 01:18:25.482 UTC [11156] STATEMENT:  
	      INSERT INTO relatorios_historico 
	        (usuario_id, nome_relatorio, tipo_relatorio, formato, tamanho_kb, arquivo_nome)
	      VALUES ($1, $2, $3, $4, $5, $6)
	    
2025-12-01 01:23:14.931 UTC [4818] LOG:  checkpoint starting: time
2025-12-01 01:23:15.201 UTC [4818] LOG:  checkpoint complete: wrote 3 buffers (0.0%); 0 WAL file(s) added, 0 removed, 0 recycled; write=0.247 s, sync=0.011 s, total=0.271 s; sync files=3, longest=0.007 s, average=0.004 s; distance=2 kB, estimate=45 kB; lsn=0/1A6C888, redo lsn=0/1A6C830
2025-12-01 01:28:14.302 UTC [4818] LOG:  checkpoint starting: time
2025-12-01 01:28:16.051 UTC [4818] LOG:  checkpoint complete: wrote 18 buffers (0.1%); 0 WAL file(s) added, 0 removed, 0 recycled; write=1.714 s, sync=0.028 s, total=1.750 s; sync files=17, longest=0.003 s, average=0.002 s; distance=30 kB, estimate=44 kB; lsn=0/1A74258, redo lsn=0/1A74200
2025-12-01 01:33:14.156 UTC [4818] LOG:  checkpoint starting: time
2025-12-01 01:33:14.846 UTC [4818] LOG:  checkpoint complete: wrote 7 buffers (0.0%); 0 WAL file(s) added, 0 removed, 0 recycled; write=0.606 s, sync=0.029 s, total=0.690 s; sync files=7, longest=0.020 s, average=0.005 s; distance=33 kB, estimate=43 kB; lsn=0/1A7C658, redo lsn=0/1A7C600
2025-12-01 01:38:14.945 UTC [4818] LOG:  checkpoint starting: time
2025-12-01 01:38:17.231 UTC [4818] LOG:  checkpoint complete: wrote 23 buffers (0.1%); 0 WAL file(s) added, 0 removed, 0 recycled; write=2.235 s, sync=0.028 s, total=2.287 s; sync files=17, longest=0.004 s, average=0.002 s; distance=147 kB, estimate=147 kB; lsn=0/1AA1460, redo lsn=0/1AA1408
2025-12-01 01:43:14.327 UTC [4818] LOG:  checkpoint starting: time
2025-12-01 01:43:14.746 UTC [4818] LOG:  checkpoint complete: wrote 5 buffers (0.0%); 0 WAL file(s) added, 0 removed, 0 recycled; write=0.403 s, sync=0.009 s, total=0.420 s; sync files=5, longest=0.003 s, average=0.002 s; distance=33 kB, estimate=136 kB; lsn=0/1AA9A10, redo lsn=0/1AA9980
2025-12-01 01:48:14.845 UTC [4818] LOG:  checkpoint starting: time
2025-12-01 01:48:15.828 UTC [4818] LOG:  checkpoint complete: wrote 10 buffers (0.1%); 0 WAL file(s) added, 0 removed, 0 recycled; write=0.943 s, sync=0.019 s, total=0.983 s; sync files=7, longest=0.010 s, average=0.003 s; distance=38 kB, estimate=126 kB; lsn=0/1AB3268, redo lsn=0/1AB3210
2025-12-01 01:58:15.033 UTC [4818] LOG:  checkpoint starting: time
2025-12-01 01:58:16.416 UTC [4818] LOG:  checkpoint complete: wrote 15 buffers (0.1%); 0 WAL file(s) added, 0 removed, 0 recycled; write=1.306 s, sync=0.035 s, total=1.384 s; sync files=9, longest=0.023 s, average=0.004 s; distance=65 kB, estimate=120 kB; lsn=0/1AC3758, redo lsn=0/1AC3700
2025-12-01 02:03:15.516 UTC [4818] LOG:  checkpoint starting: time
2025-12-01 02:03:17.487 UTC [4818] LOG:  checkpoint complete: wrote 20 buffers (0.1%); 0 WAL file(s) added, 0 removed, 0 recycled; write=1.928 s, sync=0.032 s, total=1.971 s; sync files=17, longest=0.007 s, average=0.002 s; distance=76 kB, estimate=115 kB; lsn=0/1AD6A60, redo lsn=0/1AD6A08
2025-12-01 02:08:15.586 UTC [4818] LOG:  checkpoint starting: time
2025-12-01 02:08:16.604 UTC [4818] LOG:  checkpoint complete: wrote 10 buffers (0.1%); 0 WAL file(s) added, 0 removed, 0 recycled; write=0.907 s, sync=0.085 s, total=1.018 s; sync files=7, longest=0.075 s, average=0.013 s; distance=24 kB, estimate=106 kB; lsn=0/1ADCAC0, redo lsn=0/1ADCA68
2025-12-01 02:11:45.978 UTC [13806] ERROR:  invalid input syntax for type integer: "null"
2025-12-01 02:11:45.978 UTC [13806] CONTEXT:  unnamed portal parameter $1 = '...'
2025-12-01 02:11:45.978 UTC [13806] STATEMENT:  SELECT criador_id, status FROM ordens WHERE id = $1
2025-12-01 02:13:15.704 UTC [4818] LOG:  checkpoint starting: time
2025-12-01 02:13:18.103 UTC [4818] LOG:  checkpoint complete: wrote 24 buffers (0.1%); 0 WAL file(s) added, 0 removed, 0 recycled; write=2.336 s, sync=0.038 s, total=2.400 s; sync files=20, longest=0.005 s, average=0.002 s; distance=62 kB, estimate=102 kB; lsn=0/1AEC5B8, redo lsn=0/1AEC560
2025-12-01 02:18:15.203 UTC [4818] LOG:  checkpoint starting: time
2025-12-01 02:18:16.964 UTC [4818] LOG:  checkpoint complete: wrote 18 buffers (0.1%); 0 WAL file(s) added, 0 removed, 0 recycled; write=1.708 s, sync=0.031 s, total=1.761 s; sync files=16, longest=0.011 s, average=0.002 s; distance=15 kB, estimate=93 kB; lsn=0/1AF0520, redo lsn=0/1AF0490
2025-12-01 02:23:16.063 UTC [4818] LOG:  checkpoint starting: time
2025-12-01 02:23:16.416 UTC [4818] LOG:  checkpoint complete: wrote 4 buffers (0.0%); 0 WAL file(s) added, 0 removed, 0 recycled; write=0.312 s, sync=0.018 s, total=0.353 s; sync files=4, longest=0.008 s, average=0.005 s; distance=12 kB, estimate=85 kB; lsn=0/1AF3640, redo lsn=0/1AF35E8
2025-12-01 02:41:44.738 UTC [14132] ERROR:  syntax error at or near "RAISE" at character 1
2025-12-01 02:41:44.738 UTC [14132] STATEMENT:  RAISE NOTICE '🧹 Tabelas limpas. Iniciando povoamento...';
2025-12-01 02:41:44.741 UTC [14132] ERROR:  current transaction is aborted, commands ignored until end of transaction block
2025-12-01 02:41:44.741 UTC [14132] STATEMENT:  INSERT INTO ordens (
	    codigo, criador_id, tipo_solicitacao, local_tipo, local_detalhe,
	    titulo, descricao, status, prioridade, data_criacao, data_atualizacao
	) VALUES (
	    '#ORD-2025-001',
	    5, -- Daenerys
	    'problema',
	    'laboratorio',
	    '201',
	    '201 - Projetor',
	    'Projetor não liga, testamos em outra tomada e o problema persiste',
	    'Não Concluída',
	    1,
	    '2025-11-15 09:30:00',
	    NOW()
	);
2025-12-01 02:41:44.742 UTC [14132] ERROR:  current transaction is aborted, commands ignored until end of transaction block
2025-12-01 02:41:44.742 UTC [14132] STATEMENT:  INSERT INTO ordens_problemas (ordem_id, equipamento, tipo_problema)
	VALUES (currval('ordens_id_seq'), 'Projetor', 'Não liga');
2025-12-01 02:41:44.742 UTC [14132] ERROR:  current transaction is aborted, commands ignored until end of transaction block
2025-12-01 02:41:44.742 UTC [14132] STATEMENT:  INSERT INTO ordens (
	    codigo, criador_id, responsavel_id, tipo_solicitacao, local_tipo, local_detalhe,
	    titulo, descricao, status, prioridade, data_criacao, data_atualizacao
	) VALUES (
	    '#ORD-2025-002',
	    1, -- Spock
	    3, -- Han Solo
	    'problema',
	    'sala',
	    '308',
	    '308 - kit-professor',
	    'Mouse sem fio não conecta no receptor USB',
	    'Não Concluída',
	    1,
	    '2025-11-18 14:20:00',
	    NOW()
	);
2025-12-01 02:41:44.742 UTC [14132] ERROR:  current transaction is aborted, commands ignored until end of transaction block
2025-12-01 02:41:44.742 UTC [14132] STATEMENT:  INSERT INTO ordens_problemas (ordem_id, equipamento, tipo_problema)
	VALUES (currval('ordens_id_seq'), 'kit-professor', 'Mouse não funciona');
2025-12-01 02:41:44.742 UTC [14132] ERROR:  current transaction is aborted, commands ignored until end of transaction block
2025-12-01 02:41:44.742 UTC [14132] STATEMENT:  INSERT INTO ordens (
	    codigo, criador_id, responsavel_id, tipo_solicitacao, local_tipo, local_detalhe,
	    titulo, descricao, status, prioridade, data_criacao, data_atualizacao
	) VALUES (
	    '#ORD-2025-003',
	    5, -- Daenerys
	    4, -- Anakin
	    'instalacao',
	    'laboratorio',
	    '216',
	    '216 - Python 3.11',
	    'Necessário instalar Python 3.11 com pip, numpy e pandas',
	    'Não Concluída',
	    1,
	    '2025-11-19 10:15:00',
	    NOW()
	);
2025-12-01 02:41:44.743 UTC [14132] ERROR:  current transaction is aborted, commands ignored until end of transaction block
2025-12-01 02:41:44.743 UTC [14132] STATEMENT:  INSERT INTO ordens_instalacoes (ordem_id, app_nome, app_versao)
	VALUES (currval('ordens_id_seq'), 'Python', '3.11');
2025-12-01 02:41:44.743 UTC [14132] ERROR:  current transaction is aborted, commands ignored until end of transaction block
2025-12-01 02:41:44.743 UTC [14132] STATEMENT:  INSERT INTO ordens (
	    codigo, criador_id, responsavel_id, tipo_solicitacao, local_tipo, local_detalhe,
	    titulo, descricao, status, prioridade, data_criacao, data_atualizacao
	) VALUES (
	    '#ORD-2025-004',
	    1, -- Spock
	    6, -- Marcus
	    'problema',
	    'sala',
	    '405',
	    '405 - tv',
	    'TV não liga, testamos controle remoto e está funcionando',
	    'Em Andamento',
	    5,
	    '2025-11-21 08:00:00',
	    NOW()
	);
2025-12-01 02:41:44.743 UTC [14132] ERROR:  current transaction is aborted, commands ignored until end of transaction block
2025-12-01 02:41:44.743 UTC [14132] STATEMENT:  INSERT INTO ordens_problemas (ordem_id, equipamento, tipo_problema)
	VALUES (currval('ordens_id_seq'), 'tv', 'Não liga');
2025-12-01 02:41:44.743 UTC [14132] ERROR:  current transaction is aborted, commands ignored until end of transaction block
2025-12-01 02:41:44.743 UTC [14132] STATEMENT:  INSERT INTO ordens_alertas (ordem_id, tipo_alerta, ativo, criado_em)
	VALUES (currval('ordens_id_seq'), 'prazo', true, NOW());
2025-12-01 02:41:44.743 UTC [14132] ERROR:  current transaction is aborted, commands ignored until end of transaction block
2025-12-01 02:41:44.743 UTC [14132] STATEMENT:  INSERT INTO ordens (
	    codigo, criador_id, responsavel_id, tipo_solicitacao, local_tipo, local_detalhe,
	    titulo, descricao, status, prioridade, data_criacao, data_atualizacao
	) VALUES (
	    '#ORD-2025-005',
	    5, -- Daenerys
	    3, -- Han Solo
	    'problema',
	    'laboratorio',
	    '209',
	    '209 - kit-aluno-desktop',
	    'Computador não conecta na rede, cabo testado e funcionando',
	    'Em Andamento',
	    4,
	    '2025-11-22 11:30:00',
	    NOW()
	);
2025-12-01 02:41:44.743 UTC [14132] ERROR:  current transaction is aborted, commands ignored until end of transaction block
2025-12-01 02:41:44.743 UTC [14132] STATEMENT:  INSERT INTO ordens_problemas (ordem_id, equipamento, tipo_problema)
	VALUES (currval('ordens_id_seq'), 'kit-aluno-desktop', 'Sem conexão com internet');
2025-12-01 02:41:44.743 UTC [14132] ERROR:  current transaction is aborted, commands ignored until end of transaction block
2025-12-01 02:41:44.743 UTC [14132] STATEMENT:  INSERT INTO ordens_alertas (ordem_id, tipo_alerta, ativo, criado_em)
	VALUES (currval('ordens_id_seq'), 'prazo', true, NOW());
2025-12-01 02:41:44.743 UTC [14132] ERROR:  current transaction is aborted, commands ignored until end of transaction block
2025-12-01 02:41:44.743 UTC [14132] STATEMENT:  INSERT INTO ordens (
	    codigo, criador_id, responsavel_id, tipo_solicitacao, local_tipo, local_detalhe,
	    titulo, descricao, status, prioridade, data_criacao, data_atualizacao
	) VALUES (
	    '#ORD-2025-006',
	    1, -- Spock
	    4, -- Anakin
	    'problema',
	    'laboratorio',
	    '208',
	    '208 - perifericos',
	    'Teclado com teclas travadas',
	    'Em Andamento',
	    4,
	    '2025-11-23 09:45:00',
	    NOW()
	);
2025-12-01 02:41:44.743 UTC [14132] ERROR:  current transaction is aborted, commands ignored until end of transaction block
2025-12-01 02:41:44.743 UTC [14132] STATEMENT:  INSERT INTO ordens_problemas (ordem_id, equipamento, tipo_problema)
	VALUES (currval('ordens_id_seq'), 'perifericos', 'Teclado com defeito');
2025-12-01 02:41:44.744 UTC [14132] ERROR:  current transaction is aborted, commands ignored until end of transaction block
2025-12-01 02:41:44.744 UTC [14132] STATEMENT:  INSERT INTO ordens_alertas (ordem_id, tipo_alerta, ativo, criado_em)
	VALUES (currval('ordens_id_seq'), 'prazo', true, NOW());
2025-12-01 02:41:44.744 UTC [14132] ERROR:  current transaction is aborted, commands ignored until end of transaction block
2025-12-01 02:41:44.744 UTC [14132] STATEMENT:  INSERT INTO ordens (
	    codigo, criador_id, responsavel_id, tipo_solicitacao, local_tipo, local_detalhe,
	    titulo, descricao, status, prioridade, data_criacao, data_atualizacao
	) VALUES (
	    '#ORD-2025-007',
	    5, -- Daenerys
	    6, -- Marcus
	    'instalacao',
	    'sala',
	    '312',
	    '312 - Git',
	    'Instalar Git para controle de versão',
	    'Em Andamento',
	    3,
	    '2025-11-24 13:20:00',
	    NOW()
	);
2025-12-01 02:41:44.744 UTC [14132] ERROR:  current transaction is aborted, commands ignored until end of transaction block
2025-12-01 02:41:44.744 UTC [14132] STATEMENT:  INSERT INTO ordens_instalacoes (ordem_id, app_nome, app_versao)
	VALUES (currval('ordens_id_seq'), 'Git', '2.43');
2025-12-01 02:41:44.744 UTC [14132] ERROR:  current transaction is aborted, commands ignored until end of transaction block
2025-12-01 02:41:44.744 UTC [14132] STATEMENT:  INSERT INTO ordens_alertas (ordem_id, tipo_alerta, ativo, criado_em)
	VALUES (currval('ordens_id_seq'), 'prazo', true, NOW());
2025-12-01 02:41:44.744 UTC [14132] ERROR:  current transaction is aborted, commands ignored until end of transaction block
2025-12-01 02:41:44.744 UTC [14132] STATEMENT:  INSERT INTO ordens (
	    codigo, criador_id, responsavel_id, tipo_solicitacao, local_tipo, local_detalhe,
	    titulo, descricao, status, prioridade, data_criacao, data_atualizacao
	) VALUES (
	    '#ORD-2025-008',
	    1, -- Spock
	    3, -- Han Solo
	    'problema',
	    'sala',
	    '202',
	    '202 - kit-professor',
	    'Cabo HDMI não funciona',
	    'Em Andamento',
	    2,
	    '2025-11-25 15:10:00',
	    NOW()
	);
2025-12-01 02:41:44.744 UTC [14132] ERROR:  current transaction is aborted, commands ignored until end of transaction block
2025-12-01 02:41:44.744 UTC [14132] STATEMENT:  INSERT INTO ordens_problemas (ordem_id, equipamento, tipo_problema)
	VALUES (currval('ordens_id_seq'), 'kit-professor', 'Sem imagem no projetor');
2025-12-01 02:41:44.744 UTC [14132] ERROR:  current transaction is aborted, commands ignored until end of transaction block
2025-12-01 02:41:44.744 UTC [14132] STATEMENT:  INSERT INTO ordens (
	    codigo, criador_id, tipo_solicitacao, local_tipo, local_detalhe,
	    titulo, descricao, status, prioridade, data_criacao, data_atualizacao
	) VALUES (
	    '#ORD-2025-009',
	    5, -- Daenerys
	    'problema',
	    'laboratorio',
	    '211',
	    '211 - kit-aluno-notebook',
	    'Notebook não carrega a bateria',
	    'Pendente',
	    4,
	    '2025-11-26 10:00:00',
	    NOW()
	);
2025-12-01 02:41:44.744 UTC [14132] ERROR:  current transaction is aborted, commands ignored until end of transaction block
2025-12-01 02:41:44.744 UTC [14132] STATEMENT:  INSERT INTO ordens_problemas (ordem_id, equipamento, tipo_problema)
	VALUES (currval('ordens_id_seq'), 'kit-aluno-notebook', 'Bateria não carrega');
2025-12-01 02:41:44.744 UTC [14132] ERROR:  current transaction is aborted, commands ignored until end of transaction block
2025-12-01 02:41:44.744 UTC [14132] STATEMENT:  INSERT INTO ordens_alertas (ordem_id, tipo_alerta, ativo, criado_em)
	VALUES (currval('ordens_id_seq'), 'sem_responsavel', true, NOW());
2025-12-01 02:41:44.744 UTC [14132] ERROR:  current transaction is aborted, commands ignored until end of transaction block
2025-12-01 02:41:44.744 UTC [14132] STATEMENT:  INSERT INTO ordens (
	    codigo, criador_id, tipo_solicitacao, local_tipo, local_detalhe,
	    titulo, descricao, status, prioridade, data_criacao, data_atualizacao
	) VALUES (
	    '#ORD-2025-010',
	    1, -- Spock
	    'instalacao',
	    'sala',
	    '306',
	    '306 - Visual Studio Code',
	    'Instalar VS Code com extensões Python e C#',
	    'Pendente',
	    4,
	    '2025-11-27 14:30:00',
	    NOW()
	);
2025-12-01 02:41:44.745 UTC [14132] ERROR:  current transaction is aborted, commands ignored until end of transaction block
2025-12-01 02:41:44.745 UTC [14132] STATEMENT:  INSERT INTO ordens_instalacoes (ordem_id, app_nome, app_versao)
	VALUES (currval('ordens_id_seq'), 'Visual Studio Code', 'latest');
2025-12-01 02:41:44.745 UTC [14132] ERROR:  current transaction is aborted, commands ignored until end of transaction block
2025-12-01 02:41:44.745 UTC [14132] STATEMENT:  INSERT INTO ordens_alertas (ordem_id, tipo_alerta, ativo, criado_em)
	VALUES (currval('ordens_id_seq'), 'sem_responsavel', true, NOW());
2025-12-01 02:41:44.745 UTC [14132] ERROR:  current transaction is aborted, commands ignored until end of transaction block
2025-12-01 02:41:44.745 UTC [14132] STATEMENT:  INSERT INTO ordens (
	    codigo, criador_id, tipo_solicitacao, local_tipo, local_detalhe,
	    titulo, descricao, status, prioridade, data_criacao, data_atualizacao
	) VALUES (
	    '#ORD-2025-011',
	    5, -- Daenerys
	    'problema',
	    'sala',
	    '401',
	    '401 - tv',
	    'TV sem som, imagem funcionando normalmente',
	    'Pendente',
	    1,
	    '2025-11-28 09:15:00',
	    NOW()
	);
2025-12-01 02:41:44.745 UTC [14132] ERROR:  current transaction is aborted, commands ignored until end of transaction block
2025-12-01 02:41:44.745 UTC [14132] STATEMENT:  INSERT INTO ordens_problemas (ordem_id, equipamento, tipo_problema)
	VALUES (currval('ordens_id_seq'), 'tv', 'Sem som');
2025-12-01 02:41:44.745 UTC [14132] ERROR:  current transaction is aborted, commands ignored until end of transaction block
2025-12-01 02:41:44.745 UTC [14132] STATEMENT:  INSERT INTO ordens (
	    codigo, criador_id, tipo_solicitacao, local_tipo, local_detalhe,
	    titulo, descricao, status, prioridade, data_criacao, data_atualizacao
	) VALUES (
	    '#ORD-2025-012',
	    1, -- Spock
	    'problema',
	    'laboratorio',
	    '217',
	    '217 - perifericos',
	    'Mouse não funciona',
	    'Pendente',
	    1,
	    '2025-11-29 11:00:00',
	    NOW()
	);
2025-12-01 02:41:44.745 UTC [14132] ERROR:  current transaction is aborted, commands ignored until end of transaction block
2025-12-01 02:41:44.745 UTC [14132] STATEMENT:  INSERT INTO ordens_problemas (ordem_id, equipamento, tipo_problema)
	VALUES (currval('ordens_id_seq'), 'perifericos', 'Mouse com defeito');
2025-12-01 02:41:44.745 UTC [14132] ERROR:  current transaction is aborted, commands ignored until end of transaction block
2025-12-01 02:41:44.745 UTC [14132] STATEMENT:  INSERT INTO ordens (
	    codigo, criador_id, tipo_solicitacao, local_tipo, local_detalhe,
	    titulo, descricao, status, prioridade, data_criacao, data_atualizacao
	) VALUES (
	    '#ORD-2025-013',
	    5, -- Daenerys
	    'instalacao',
	    'laboratorio',
	    '220',
	    '220 - PostgreSQL 16',
	    'Instalar PostgreSQL 16 para aulas de banco de dados',
	    'Pendente',
	    1,
	    '2025-11-30 08:30:00',
	    NOW()
	);
2025-12-01 02:41:44.745 UTC [14132] ERROR:  current transaction is aborted, commands ignored until end of transaction block
2025-12-01 02:41:44.745 UTC [14132] STATEMENT:  INSERT INTO ordens_instalacoes (ordem_id, app_nome, app_versao)
	VALUES (currval('ordens_id_seq'), 'PostgreSQL', '16');
2025-12-01 02:41:44.746 UTC [14132] ERROR:  current transaction is aborted, commands ignored until end of transaction block
2025-12-01 02:41:44.746 UTC [14132] STATEMENT:  INSERT INTO ordens (
	    codigo, criador_id, responsavel_id, tipo_solicitacao, local_tipo, local_detalhe,
	    titulo, descricao, solucao, status, prioridade, avaliacao,
	    data_criacao, data_atualizacao, data_finalizacao
	) VALUES (
	    '#ORD-2025-014',
	    1, -- Spock
	    3, -- Han Solo
	    'problema',
	    'sala',
	    '303',
	    '303 - kit-professor',
	    'Teclado não funciona',
	    'Teclado substituído por um novo. Problema resolvido.',
	    'Concluída',
	    1,
	    5,
	    '2025-11-18 10:00:00',
	    '2025-11-20 14:30:00',
	    '2025-11-20 14:30:00'
	);
2025-12-01 02:41:44.746 UTC [14132] ERROR:  current transaction is aborted, commands ignored until end of transaction block
2025-12-01 02:41:44.746 UTC [14132] STATEMENT:  INSERT INTO ordens_problemas (ordem_id, equipamento, tipo_problema)
	VALUES (currval('ordens_id_seq'), 'kit-professor', 'Teclado com defeito');
2025-12-01 02:41:44.746 UTC [14132] ERROR:  current transaction is aborted, commands ignored until end of transaction block
2025-12-01 02:41:44.746 UTC [14132] STATEMENT:  INSERT INTO ordens (
	    codigo, criador_id, responsavel_id, tipo_solicitacao, local_tipo, local_detalhe,
	    titulo, descricao, solucao, status, prioridade,
	    data_criacao, data_atualizacao, data_finalizacao
	) VALUES (
	    '#ORD-2025-015',
	    5, -- Daenerys
	    4, -- Anakin
	    'instalacao',
	    'sala',
	    '307',
	    '307 - Node.js',
	    'Instalar Node.js LTS',
	    'Node.js 20.11 LTS instalado e testado com sucesso.',
	    'Concluída',
	    1,
	    '2025-11-22 09:00:00',
	    '2025-11-24 16:00:00',
	    '2025-11-24 16:00:00'
	);
2025-12-01 02:41:44.746 UTC [14132] ERROR:  current transaction is aborted, commands ignored until end of transaction block
2025-12-01 02:41:44.746 UTC [14132] STATEMENT:  INSERT INTO ordens_instalacoes (ordem_id, app_nome, app_versao)
	VALUES (currval('ordens_id_seq'), 'Node.js', '20.11 LTS');
2025-12-01 02:41:44.746 UTC [14132] ERROR:  current transaction is aborted, commands ignored until end of transaction block
2025-12-01 02:41:44.746 UTC [14132] STATEMENT:  INSERT INTO ordens (
	    codigo, criador_id, responsavel_id, tipo_solicitacao, local_tipo, local_detalhe,
	    titulo, descricao, solucao, status, prioridade, avaliacao,
	    data_criacao, data_atualizacao, data_finalizacao
	) VALUES (
	    '#ORD-2025-016',
	    1, -- Spock
	    6, -- Marcus
	    'problema',
	    'laboratorio',
	    '206',
	    '206 - kit-aluno-desktop',
	    'Computador lento',
	    'Limpeza de disco e desfragmentação realizadas. Desempenho melhorou.',
	    'Concluída',
	    1,
	    3,
	    '2025-11-20 13:00:00',
	    '2025-11-23 10:00:00',
	    '2025-11-23 10:00:00'
	);
2025-12-01 02:41:44.746 UTC [14132] ERROR:  current transaction is aborted, commands ignored until end of transaction block
2025-12-01 02:41:44.746 UTC [14132] STATEMENT:  INSERT INTO ordens_problemas (ordem_id, equipamento, tipo_problema)
	VALUES (currval('ordens_id_seq'), 'kit-aluno-desktop', 'Lentidão');
2025-12-01 02:41:44.746 UTC [14132] ERROR:  current transaction is aborted, commands ignored until end of transaction block
2025-12-01 02:41:44.746 UTC [14132] STATEMENT:  INSERT INTO ordens (
	    codigo, criador_id, responsavel_id, tipo_solicitacao, local_tipo, local_detalhe,
	    titulo, descricao, solucao, status, prioridade,
	    data_criacao, data_atualizacao, data_finalizacao
	) VALUES (
	    '#ORD-2025-017',
	    5, -- Daenerys
	    3, -- Han Solo
	    'problema',
	    'sala',
	    '404',
	    '404 - tv',
	    'Controle remoto não funciona',
	    'Pilhas do controle remoto substituídas. Problema resolvido.',
	    'Concluída',
	    1,
	    '2025-11-26 11:00:00',
	    '2025-11-28 15:00:00',
	    '2025-11-28 15:00:00'
	);
2025-12-01 02:41:44.747 UTC [14132] ERROR:  current transaction is aborted, commands ignored until end of transaction block
2025-12-01 02:41:44.747 UTC [14132] STATEMENT:  INSERT INTO ordens_problemas (ordem_id, equipamento, tipo_problema)
	VALUES (currval('ordens_id_seq'), 'tv', 'Controle remoto não funciona');
2025-12-01 02:41:44.747 UTC [14132] ERROR:  current transaction is aborted, commands ignored until end of transaction block
2025-12-01 02:41:44.747 UTC [14132] STATEMENT:  INSERT INTO ordens (
	    codigo, criador_id, responsavel_id, tipo_solicitacao, local_tipo, local_detalhe,
	    titulo, descricao, solucao, status, prioridade, avaliacao,
	    data_criacao, data_atualizacao, data_finalizacao
	) VALUES (
	    '#ORD-2025-018',
	    1, -- Spock
	    4, -- Anakin
	    'problema',
	    'sala',
	    '110',
	    '110 - tv',
	    'TV com tela preta',
	    'Cabo HDMI trocado. Problema resolvido mas demorou muito.',
	    'Concluída',
	    1,
	    2,
	    '2025-11-15 21:24:00',
	    '2025-11-19 10:00:00',
	    '2025-11-19 10:00:00'
	);
2025-12-01 02:41:44.747 UTC [14132] ERROR:  current transaction is aborted, commands ignored until end of transaction block
2025-12-01 02:41:44.747 UTC [14132] STATEMENT:  INSERT INTO ordens_problemas (ordem_id, equipamento, tipo_problema)
	VALUES (currval('ordens_id_seq'), 'tv', 'Tela preta');
2025-12-01 02:41:44.747 UTC [14132] ERROR:  current transaction is aborted, commands ignored until end of transaction block
2025-12-01 02:41:44.747 UTC [14132] STATEMENT:  INSERT INTO ordens (
	    codigo, criador_id, responsavel_id, tipo_solicitacao, local_tipo, local_detalhe,
	    titulo, descricao, solucao, status, prioridade, avaliacao,
	    data_criacao, data_atualizacao, data_finalizacao
	) VALUES (
	    '#ORD-2025-019',
	    5, -- Daenerys
	    6, -- Marcus
	    'instalacao',
	    'laboratorio',
	    '215',
	    '215 - C#',
	    'Instalar Visual Studio Community com workload .NET',
	    'Visual Studio Community instalado com todas as extensões solicitadas. Teste realizado com sucesso.',
	    'Concluída',
	    1,
	    5,
	    '2025-11-16 18:03:00',
	    '2025-11-21 16:30:00',
	    '2025-11-21 16:30:00'
	);
2025-12-01 02:41:44.747 UTC [14132] ERROR:  current transaction is aborted, commands ignored until end of transaction block
2025-12-01 02:41:44.747 UTC [14132] STATEMENT:  INSERT INTO ordens_instalacoes (ordem_id, app_nome, app_versao)
	VALUES (currval('ordens_id_seq'), 'Visual Studio Community', '2022');
2025-12-01 02:41:44.747 UTC [14132] ERROR:  current transaction is aborted, commands ignored until end of transaction block
2025-12-01 02:41:44.747 UTC [14132] STATEMENT:  INSERT INTO ordens (
	    codigo, criador_id, responsavel_id, tipo_solicitacao, local_tipo, local_detalhe,
	    titulo, descricao, solucao, status, prioridade,
	    data_criacao, data_atualizacao, data_finalizacao
	) VALUES (
	    '#ORD-2025-020',
	    1, -- Spock
	    3, -- Han Solo
	    'problema',
	    'laboratorio',
	    '213',
	    '213 - kit-aluno-notebook',
	    'Notebook não conecta no Wi-Fi',
	    'Driver de rede reinstalado. Conexão funcionando normalmente.',
	    'Concluída',
	    1,
	    '2025-11-27 14:00:00',
	    '2025-11-29 11:30:00',
	    '2025-11-29 11:30:00'
	);
2025-12-01 02:41:44.747 UTC [14132] ERROR:  current transaction is aborted, commands ignored until end of transaction block
2025-12-01 02:41:44.747 UTC [14132] STATEMENT:  INSERT INTO ordens_problemas (ordem_id, equipamento, tipo_problema)
	VALUES (currval('ordens_id_seq'), 'kit-aluno-notebook', 'Sem Wi-Fi');
2025-12-01 02:41:44.748 UTC [14132] ERROR:  current transaction is aborted, commands ignored until end of transaction block
2025-12-01 02:41:44.748 UTC [14132] STATEMENT:  DO $$
	DECLARE
	    total_ordens INT;
	    ordens_pendentes INT;
	    ordens_andamento INT;
	    ordens_concluidas INT;
	    ordens_nao_concluidas INT;
	    alertas_prazo INT;
	    alertas_sem_resp INT;
	BEGIN
	    SELECT COUNT(*) INTO total_ordens FROM ordens;
	    SELECT COUNT(*) INTO ordens_pendentes FROM ordens WHERE status = 'Pendente';
	    SELECT COUNT(*) INTO ordens_andamento FROM ordens WHERE status = 'Em Andamento';
	    SELECT COUNT(*) INTO ordens_concluidas FROM ordens WHERE status = 'Concluída';
	    SELECT COUNT(*) INTO ordens_nao_concluidas FROM ordens WHERE status = 'Não Concluída';
	    SELECT COUNT(*) INTO alertas_prazo FROM ordens_alertas WHERE ativo = true AND tipo_alerta = 'prazo';
	    SELECT COUNT(*) INTO alertas_sem_resp FROM ordens_alertas WHERE ativo = true AND tipo_alerta = 'sem_responsavel';
	
	    RAISE NOTICE '';
	    RAISE NOTICE '========================================';
	    RAISE NOTICE '✅ POVOAMENTO CONCLUÍDO COM SUCESSO!';
	    RAISE NOTICE '========================================';
	    RAISE NOTICE 'Data de referência: 30/11/2025';
	    RAISE NOTICE 'Total de ordens criadas: %', total_ordens;
	    RAISE NOTICE '';
	    RAISE NOTICE '📊 ORDENS POR STATUS:';
	    RAISE NOTICE '  • Pendentes: %', ordens_pendentes;
	    RAISE NOTICE '  • Em Andamento: %', ordens_andamento;
	    RAISE NOTICE '  • Concluídas: %', ordens_concluidas;
	    RAISE NOTICE '  • Não Concluídas: %', ordens_nao_concluidas;
	    RAISE NOTICE '';
	    RAISE NOTICE '⚠️ ALERTAS ATIVOS:';
	    RAISE NOTICE '  • Alertas de prazo: %', alertas_prazo;
	    RAISE NOTICE '  • Alertas sem responsável: %', alertas_sem_resp;
	    RAISE NOTICE '========================================';
	    RAISE NOTICE '';
	END$$;
2025-12-01 02:43:16.813 UTC [4818] LOG:  checkpoint starting: time
2025-12-01 02:43:18.764 UTC [4818] LOG:  checkpoint complete: wrote 20 buffers (0.1%); 0 WAL file(s) added, 0 removed, 0 recycled; write=1.916 s, sync=0.016 s, total=1.952 s; sync files=40, longest=0.003 s, average=0.001 s; distance=93 kB, estimate=93 kB; lsn=0/1B0AB38, redo lsn=0/1B0AAA8
2025-12-01 02:58:17.064 UTC [4818] LOG:  checkpoint starting: time
2025-12-01 02:58:22.579 UTC [4818] LOG:  checkpoint complete: wrote 55 buffers (0.3%); 0 WAL file(s) added, 0 removed, 0 recycled; write=5.438 s, sync=0.047 s, total=5.515 s; sync files=40, longest=0.008 s, average=0.002 s; distance=210 kB, estimate=210 kB; lsn=0/1B3F468, redo lsn=0/1B3F410
2025-12-01 03:13:17.879 UTC [4818] LOG:  checkpoint starting: time
2025-12-01 03:13:18.417 UTC [4818] LOG:  checkpoint complete: wrote 6 buffers (0.0%); 0 WAL file(s) added, 0 removed, 0 recycled; write=0.505 s, sync=0.014 s, total=0.538 s; sync files=5, longest=0.009 s, average=0.003 s; distance=21 kB, estimate=191 kB; lsn=0/1B44BE8, redo lsn=0/1B44B90
